{
 "status": "passed",
 "alpha": [
  -1095,
  -540,
  -540,
  -420
 ],
 "gamma": [
  -22198,
  -13860,
  -16380,
  -8820
 ],
 "beta_multiplier_over_r": [
  -7,
  -6,
  -6,
  -2
 ],
 "class_polynomial_low_to_high": [
  -1080060886113159937649308593750000,
  826335556188178615474500000000,
  15705521635909735050750000,
  -8041801037378436000,
  1
 ],
 "factorizations": {
  "norm_alpha": {
   "3": 4,
   "5": 4,
   "11": 2,
   "17": 2,
   "23": 1
  },
  "norm_gamma": {
   "2": 4,
   "11": 2,
   "23": 2,
   "47": 1,
   "71": 1,
   "167": 1,
   "191": 1
  },
  "norm_discriminant": {
   "2": 28,
   "3": 12
  },
  "H_at_0": {
   "2": 4,
   "3": 12,
   "5": 12,
   "11": 6,
   "17": 6,
   "23": 3
  },
  "H_at_1728": {
   "2": 4,
   "3": 12,
   "11": 4,
   "23": 4,
   "47": 2,
   "71": 2,
   "167": 2,
   "191": 2
  },
  "H_at_54000": {
   "2": 4,
   "3": 20,
   "5": 12,
   "11": 4,
   "17": 2,
   "23": 1,
   "29": 2,
   "41": 2,
   "47": 1
  },
  "H_at_287496": {
   "2": 4,
   "3": 12,
   "11": 6,
   "23": 1,
   "47": 1,
   "59": 2,
   "239": 1,
   "479": 1,
   "599": 1,
   "647": 1,
   "719": 1,
   "743": 1
  },
  "resultant_H_P2": {
   "2": 8,
   "3": 24,
   "11": 8,
   "23": 4,
   "47": 1,
   "71": 1,
   "83": 2,
   "107": 2,
   "131": 2,
   "167": 1,
   "191": 1,
   "227": 2,
   "263": 1,
   "863": 1,
   "1223": 1,
   "1847": 1,
   "2111": 1,
   "2447": 1,
   "2543": 1,
   "2711": 1,
   "2903": 1,
   "3023": 1
  },
  "resultant_H_P3": {
   "2": 8,
   "3": 24,
   "5": 24,
   "11": 10,
   "17": 4,
   "23": 5,
   "29": 4,
   "47": 3,
   "53": 2,
   "59": 2,
   "71": 1,
   "83": 2,
   "89": 2
  },
  "resultant_H_H256": {
   "2": 12,
   "3": 48,
   "11": 20,
   "23": 10,
   "47": 4,
   "59": 4,
   "71": 3,
   "83": 2,
   "107": 2,
   "179": 2,
   "239": 1,
   "251": 2,
   "479": 1,
   "599": 1,
   "647": 1,
   "659": 2,
   "719": 1,
   "743": 1,
   "839": 1,
   "2087": 1,
   "2879": 1,
   "4007": 1,
   "5399": 1,
   "6047": 1,
   "6359": 1,
   "6959": 1,
   "7247": 1,
   "8807": 1,
   "9479": 1,
   "9887": 1,
   "10079": 1,
   "10607": 1,
   "11447": 1,
   "11927": 1,
   "12119": 1,
   "12239": 1,
   "12263": 1
  },
  "discriminant_H": {
   "2": 20,
   "3": 62,
   "5": 38,
   "11": 10,
   "17": 8,
   "23": 4,
   "29": 4,
   "41": 4,
   "53": 2,
   "59": 4,
   "83": 2,
   "89": 2,
   "101": 4,
   "113": 2,
   "131": 2,
   "149": 2,
   "173": 2,
   "179": 2
  },
  "norm_collision_e_to_minus_e": {
   "2": 30,
   "3": 22,
   "5": 12,
   "17": 8,
   "23": 4,
   "41": 4,
   "89": 2,
   "113": 2
  },
  "norm_collision_g_to_minus_g": {
   "2": 32,
   "3": 20,
   "5": 12,
   "11": 10,
   "59": 4,
   "83": 2,
   "131": 2,
   "179": 2
  },
  "norm_collision_both": {
   "2": 30,
   "3": 20,
   "5": 14,
   "29": 4,
   "53": 2,
   "101": 4,
   "149": 2,
   "173": 2
  },
  "norm_q2_plus_2q1": {
   "3": 2
  },
  "norm_root_difference_(3+e)g": {
   "2": 4,
   "3": 2
  }
 },
 "primes_1_mod_24_dividing_any_quantity": {
  "norm_alpha": [],
  "norm_gamma": [],
  "norm_discriminant": [],
  "H_at_0": [],
  "H_at_1728": [],
  "H_at_54000": [],
  "H_at_287496": [],
  "resultant_H_P2": [],
  "resultant_H_P3": [],
  "resultant_H_H256": [],
  "discriminant_H": [],
  "norm_collision_e_to_minus_e": [],
  "norm_collision_g_to_minus_g": [],
  "norm_collision_both": [],
  "norm_q2_plus_2q1": [],
  "norm_root_difference_(3+e)g": []
 }
}
