PARI stack size set to 536870912 bytes, maximum size set to 536870912
{
 "ring_arith_sympy_crosscheck": "passed (50 random products + inverses)",
 "C1_symbolic": {
  "A_prime": "-4*A - 15*q**2",
  "B_prime": "-8*A*q - 22*q**3",
  "A_prime_matches_-4A-15q^2": true,
  "B_prime_matches_-8Aq-22q^3": true,
  "factorization": "(2*q + x)*(-4*A - 11*q**2 - 2*q*x + x**2)",
  "cofactor_identity": true,
  "quadratic_roots": [
   "q - 2*sqrt(A + 3*q**2)",
   "q + 2*sqrt(A + 3*q**2)"
  ],
  "dual_root_-2q_is_root": true,
  "double_step_at_dual_root_gives_16A_64B": true
 },
 "C2_family": {
  "A1,B1": [
   [
    -15,
    0,
    0,
    0
   ],
   [
    -22,
    0,
    0,
    0
   ]
  ],
  "q1": [
   1,
   2,
   0,
   0
  ],
  "A2,B2": [
   [
    -135,
    -60,
    0,
    0
   ],
   [
    -694,
    -420,
    0,
    0
   ]
  ],
  "q2": [
   1,
   2,
   6,
   2
  ],
  "alpha": [
   -1095,
   -540,
   -540,
   -420
  ],
  "gamma": [
   -22198,
   -13860,
   -16380,
   -8820
  ],
  "alpha_claimed": [
   -1095,
   -540,
   -540,
   -420
  ],
  "gamma_claimed": [
   -22198,
   -13860,
   -16380,
   -8820
  ],
  "alpha_matches": true,
  "gamma_matches": true,
  "beta_multiplier": [
   -7,
   -6,
   -6,
   -2
  ],
  "beta_multiplier_matches_-(7,6,6,2)": true,
  "reverse_roots": [
   [
    -2,
    -4,
    -12,
    -4
   ],
   [
    -8,
    -16,
    0,
    0
   ],
   [
    -32,
    0,
    0,
    0
   ]
  ],
  "reverse_endpoint": [
   [
    0,
    0,
    0,
    0
   ],
   [
    -262144,
    0,
    0,
    0
   ]
  ],
  "reverse_endpoint_is_(0,-(64)^3)": true,
  "other_sign_choices_are_galois_conjugates": true
 },
 "C5_constants": {
  "alpha^3": [
   -13988298375,
   -8054356500,
   -9859360500,
   -5708191500
  ],
  "gamma^2": [
   2072413204,
   1193214960,
   1460677680,
   845626320
  ],
  "alpha^3_claimed": [
   -13988298375,
   -8054356500,
   -9859360500,
   -5708191500
  ],
  "gamma^2_claimed": [
   2072413204,
   1193214960,
   1460677680,
   845626320
  ],
  "alpha^3_matches": true,
  "gamma^2_matches": true,
  "P_identity_U*conj_g(U)=P0+P1e": true,
  "Q_identity_U*conj_e(U)=Q0+Q1g": true
 },
 "C3_minpoly": {
  "j_in_basis": [
   "2010450259344609000",
   "1160733998424384000",
   "1421603011620136125",
   "820762881440077125"
  ],
  "minpoly_low_to_high": [
   -1080060886113159937649308593750000,
   826335556188178615474500000000,
   15705521635909735050750000,
   -8041801037378436000,
   1
  ],
  "matches_claim": true,
  "pari_polclass(-192)_low_to_high": [
   -1080060886113159937649308593750000,
   826335556188178615474500000000,
   15705521635909735050750000,
   -8041801037378436000,
   1
  ],
  "matches_pari_polclass": true,
  "pari_classno(-192)": 4,
  "j_is_root_of_polclass_in_BQ": true,
  "4alpha^3+27gamma^2": [
   1963008,
   -622080,
   855360,
   -855360
  ],
  "four_conjugates_distinct": true
 },
 "C6_invariants": {
  "N(alpha)": {
   "value": -40717029375,
   "factorization": [
    [
     3,
     4
    ],
    [
     5,
     4
    ],
    [
     11,
     2
    ],
    [
     17,
     2
    ],
    [
     23,
     1
    ]
   ],
   "primes_mod24": [
    [
     3,
     3
    ],
    [
     5,
     5
    ],
    [
     11,
     11
    ],
    [
     17,
     17
    ],
    [
     23,
     23
    ]
   ],
   "has_prime_1_mod_24": false
  },
  "N(gamma)": {
   "value": 109010183337616,
   "factorization": [
    [
     2,
     4
    ],
    [
     11,
     2
    ],
    [
     23,
     2
    ],
    [
     47,
     1
    ],
    [
     71,
     1
    ],
    [
     167,
     1
    ],
    [
     191,
     1
    ]
   ],
   "primes_mod24": [
    [
     2,
     2
    ],
    [
     11,
     11
    ],
    [
     23,
     23
    ],
    [
     47,
     23
    ],
    [
     71,
     23
    ],
    [
     167,
     23
    ],
    [
     191,
     23
    ]
   ],
   "has_prime_1_mod_24": false
  },
  "N(4alpha^3+27gamma^2)": {
   "value": 142657607172096,
   "factorization": [
    [
     2,
     28
    ],
    [
     3,
     12
    ]
   ],
   "primes_mod24": [
    [
     2,
     2
    ],
    [
     3,
     3
    ]
   ],
   "has_prime_1_mod_24": false
  },
  "N(collision_sigma_e)": {
   "value": 4589681703007345475411984569966077703010648064000000000000,
   "factorization": [
    [
     2,
     30
    ],
    [
     3,
     22
    ],
    [
     5,
     12
    ],
    [
     17,
     8
    ],
    [
     23,
     4
    ],
    [
     41,
     4
    ],
    [
     89,
     2
    ],
    [
     113,
     2
    ]
   ],
   "primes_mod24": [
    [
     2,
     2
    ],
    [
     3,
     3
    ],
    [
     5,
     5
    ],
    [
     17,
     17
    ],
    [
     23,
     23
    ],
    [
     41,
     17
    ],
    [
     89,
     17
    ],
    [
     113,
     17
    ]
   ],
   "has_prime_1_mod_24": false
  },
  "N(collision_sigma_g)": {
   "value": 4352760219607664621964338260123742343873429504000000000000,
   "factorization": [
    [
     2,
     32
    ],
    [
     3,
     20
    ],
    [
     5,
     12
    ],
    [
     11,
     10
    ],
    [
     59,
     4
    ],
    [
     83,
     2
    ],
    [
     131,
     2
    ],
    [
     179,
     2
    ]
   ],
   "primes_mod24": [
    [
     2,
     2
    ],
    [
     3,
     3
    ],
    [
     5,
     5
    ],
    [
     11,
     11
    ],
    [
     59,
     11
    ],
    [
     83,
     11
    ],
    [
     131,
     11
    ],
    [
     179,
     11
    ]
   ],
   "has_prime_1_mod_24": false
  },
  "N(collision_sigma_eg)": {
   "value": 3139055498014771748744244555437320706457600000000000000,
   "factorization": [
    [
     2,
     30
    ],
    [
     3,
     20
    ],
    [
     5,
     14
    ],
    [
     29,
     4
    ],
    [
     53,
     2
    ],
    [
     101,
     4
    ],
    [
     149,
     2
    ],
    [
     173,
     2
    ]
   ],
   "primes_mod24": [
    [
     2,
     2
    ],
    [
     3,
     3
    ],
    [
     5,
     5
    ],
    [
     29,
     5
    ],
    [
     53,
     5
    ],
    [
     101,
     5
    ],
    [
     149,
     5
    ],
    [
     173,
     5
    ]
   ],
   "has_prime_1_mod_24": false
  },
  "H(0)": {
   "value": -1080060886113159937649308593750000,
   "factorization": [
    [
     2,
     4
    ],
    [
     3,
     12
    ],
    [
     5,
     12
    ],
    [
     11,
     6
    ],
    [
     17,
     6
    ],
    [
     23,
     3
    ]
   ],
   "primes_mod24": [
    [
     2,
     2
    ],
    [
     3,
     3
    ],
    [
     5,
     5
    ],
    [
     11,
     11
    ],
    [
     17,
     17
    ],
    [
     23,
     23
    ]
   ],
   "has_prime_1_mod_24": false
  },
  "H(1728)": {
   "value": 394701897369505645733660905226256,
   "factorization": [
    [
     2,
     4
    ],
    [
     3,
     12
    ],
    [
     11,
     4
    ],
    [
     23,
     4
    ],
    [
     47,
     2
    ],
    [
     71,
     2
    ],
    [
     167,
     2
    ],
    [
     191,
     2
    ]
   ],
   "primes_mod24": [
    [
     2,
     2
    ],
    [
     3,
     3
    ],
    [
     11,
     11
    ],
    [
     23,
     23
    ],
    [
     47,
     23
    ],
    [
     71,
     23
    ],
    [
     167,
     23
    ],
    [
     191,
     23
    ]
   ],
   "has_prime_1_mod_24": false
  },
  "H(54000)": {
   "value": 88073066079811523162712691406250000,
   "factorization": [
    [
     2,
     4
    ],
    [
     3,
     20
    ],
    [
     5,
     12
    ],
    [
     11,
     4
    ],
    [
     17,
     2
    ],
    [
     23,
     1
    ],
    [
     29,
     2
    ],
    [
     41,
     2
    ],
    [
     47,
     1
    ]
   ],
   "primes_mod24": [
    [
     2,
     2
    ],
    [
     3,
     3
    ],
    [
     5,
     5
    ],
    [
     11,
     11
    ],
    [
     17,
     17
    ],
    [
     23,
     23
    ],
    [
     29,
     5
    ],
    [
     41,
     17
    ],
    [
     47,
     23
    ]
   ],
   "has_prime_1_mod_24": false
  },
  "H(287496)": {
   "value": 1343516761659591909335718489564554256,
   "factorization": [
    [
     2,
     4
    ],
    [
     3,
     12
    ],
    [
     11,
     6
    ],
    [
     23,
     1
    ],
    [
     47,
     1
    ],
    [
     59,
     2
    ],
    [
     239,
     1
    ],
    [
     479,
     1
    ],
    [
     599,
     1
    ],
    [
     647,
     1
    ],
    [
     719,
     1
    ],
    [
     743,
     1
    ]
   ],
   "primes_mod24": [
    [
     2,
     2
    ],
    [
     3,
     3
    ],
    [
     11,
     11
    ],
    [
     23,
     23
    ],
    [
     47,
     23
    ],
    [
     59,
     11
    ],
    [
     239,
     23
    ],
    [
     479,
     23
    ],
    [
     599,
     23
    ],
    [
     647,
     23
    ],
    [
     719,
     23
    ],
    [
     743,
     23
    ]
   ],
   "has_prime_1_mod_24": false
  },
  "Res(H,H_-64)": {
   "value": 5159054964875973801593662398150027426498141147828956591777066928585917201368463329536,
   "factorization": [
    [
     2,
     8
    ],
    [
     3,
     24
    ],
    [
     11,
     8
    ],
    [
     23,
     4
    ],
    [
     47,
     1
    ],
    [
     71,
     1
    ],
    [
     83,
     2
    ],
    [
     107,
     2
    ],
    [
     131,
     2
    ],
    [
     167,
     1
    ],
    [
     191,
     1
    ],
    [
     227,
     2
    ],
    [
     263,
     1
    ],
    [
     863,
     1
    ],
    [
     1223,
     1
    ],
    [
     1847,
     1
    ],
    [
     2111,
     1
    ],
    [
     2447,
     1
    ],
    [
     2543,
     1
    ],
    [
     2711,
     1
    ],
    [
     2903,
     1
    ],
    [
     3023,
     1
    ]
   ],
   "primes_mod24": [
    [
     2,
     2
    ],
    [
     3,
     3
    ],
    [
     11,
     11
    ],
    [
     23,
     23
    ],
    [
     47,
     23
    ],
    [
     71,
     23
    ],
    [
     83,
     11
    ],
    [
     107,
     11
    ],
    [
     131,
     11
    ],
    [
     167,
     23
    ],
    [
     191,
     23
    ],
    [
     227,
     11
    ],
    [
     263,
     23
    ],
    [
     863,
     23
    ],
    [
     1223,
     23
    ],
    [
     1847,
     23
    ],
    [
     2111,
     23
    ],
    [
     2447,
     23
    ],
    [
     2543,
     23
    ],
    [
     2711,
     23
    ],
    [
     2903,
     23
    ],
    [
     3023,
     23
    ]
   ],
   "has_prime_1_mod_24": false
  },
  "Res(H,H_-48)": {
   "value": -167158234091335379934688318977859473533993704788686628946921371459960937500000000,
   "factorization": [
    [
     2,
     8
    ],
    [
     3,
     24
    ],
    [
     5,
     24
    ],
    [
     11,
     10
    ],
    [
     17,
     4
    ],
    [
     23,
     5
    ],
    [
     29,
     4
    ],
    [
     47,
     3
    ],
    [
     53,
     2
    ],
    [
     59,
     2
    ],
    [
     71,
     1
    ],
    [
     83,
     2
    ],
    [
     89,
     2
    ]
   ],
   "primes_mod24": [
    [
     2,
     2
    ],
    [
     3,
     3
    ],
    [
     5,
     5
    ],
    [
     11,
     11
    ],
    [
     17,
     17
    ],
    [
     23,
     23
    ],
    [
     29,
     5
    ],
    [
     47,
     23
    ],
    [
     53,
     5
    ],
    [
     59,
     11
    ],
    [
     71,
     23
    ],
    [
     83,
     11
    ],
    [
     89,
     17
    ]
   ],
   "has_prime_1_mod_24": false
  },
  "disc(H)": {
   "value": 13279649670283296303340529824934761454078938284016360219726743433660393332314212873788282363566413314374068567407764053344726562500000000000000000000,
   "factorization": [
    [
     2,
     20
    ],
    [
     3,
     62
    ],
    [
     5,
     38
    ],
    [
     11,
     10
    ],
    [
     17,
     8
    ],
    [
     23,
     4
    ],
    [
     29,
     4
    ],
    [
     41,
     4
    ],
    [
     53,
     2
    ],
    [
     59,
     4
    ],
    [
     83,
     2
    ],
    [
     89,
     2
    ],
    [
     101,
     4
    ],
    [
     113,
     2
    ],
    [
     131,
     2
    ],
    [
     149,
     2
    ],
    [
     173,
     2
    ],
    [
     179,
     2
    ]
   ],
   "primes_mod24": [
    [
     2,
     2
    ],
    [
     3,
     3
    ],
    [
     5,
     5
    ],
    [
     11,
     11
    ],
    [
     17,
     17
    ],
    [
     23,
     23
    ],
    [
     29,
     5
    ],
    [
     41,
     17
    ],
    [
     53,
     5
    ],
    [
     59,
     11
    ],
    [
     83,
     11
    ],
    [
     89,
     17
    ],
    [
     101,
     5
    ],
    [
     113,
     17
    ],
    [
     131,
     11
    ],
    [
     149,
     5
    ],
    [
     173,
     5
    ],
    [
     179,
     11
    ]
   ],
   "has_prime_1_mod_24": false
  }
 },
 "C6_any_prime_1_mod_24": {},
 "C6_aux": {
  "polclass(-64)": "x^2 - 82226316240*x - 7367066619912",
  "polclass(-48)": "x^2 - 2835810000*x + 6549518250000"
 }
}
