{
 "T0_multinomial_vs_polypow_checks": 35,
 "T2_H_equals_trace": {
  "checked": 150,
  "mismatch": []
 },
 "T1_transport": {
  "tests": 2292,
  "H_mismatch": [],
  "beta_mismatch": [],
  "primes": [
   7,
   11,
   13,
   17,
   19,
   23,
   29,
   31,
   37,
   41,
   43,
   47,
   53,
   59,
   61,
   67,
   71,
   73,
   79,
   83,
   89,
   97,
   101,
   103,
   107,
   109,
   113,
   127,
   131,
   137,
   139,
   149,
   151,
   157,
   163,
   167,
   173,
   179,
   181,
   191,
   193,
   197,
   199,
   211,
   223,
   227,
   229,
   233,
   239,
   241,
   251,
   257,
   263,
   269,
   271,
   277,
   281,
   283,
   293,
   1009,
   1033
  ]
 },
 "T3_family": {
  "73": {
   "p": 73,
   "sqrt3": 21,
   "sqrt2": 32,
   "Hpol_roots_mod_p": [
    16,
    18,
    20,
    34
   ],
   "members": 288,
   "distinct_AB": 288,
   "singular": 0,
   "A0_or_B0": 0,
   "beta_mismatch": 0,
   "j_not_root": 0,
   "P1_zero": 0,
   "Q1_zero": 0,
   "my_recognizer_fail": 0,
   "j_by_sign": {
    "e=+,g=+": 18,
    "e=+,g=-": 20,
    "e=-,g=+": 16,
    "e=-,g=-": 34
   },
   "H_zero": 0,
   "full": true,
   "beta_checked": 288,
   "expected_4(p-1)": 288,
   "all_curves_with_j_in_roots": 288,
   "such_curves_not_in_family": 0
  },
  "97": {
   "p": 97,
   "sqrt3": 10,
   "sqrt2": 14,
   "Hpol_roots_mod_p": [
    40,
    56,
    59,
    66
   ],
   "members": 384,
   "distinct_AB": 384,
   "singular": 0,
   "A0_or_B0": 0,
   "beta_mismatch": 0,
   "j_not_root": 0,
   "P1_zero": 0,
   "Q1_zero": 0,
   "my_recognizer_fail": 0,
   "j_by_sign": {
    "e=+,g=+": 59,
    "e=+,g=-": 56,
    "e=-,g=+": 40,
    "e=-,g=-": 66
   },
   "H_zero": 0,
   "full": true,
   "beta_checked": 384,
   "expected_4(p-1)": 384,
   "all_curves_with_j_in_roots": 384,
   "such_curves_not_in_family": 0
  },
  "193": {
   "p": 193,
   "sqrt3": 14,
   "sqrt2": 52,
   "Hpol_roots_mod_p": [
    22,
    58,
    128,
    175
   ],
   "members": 768,
   "distinct_AB": 768,
   "singular": 0,
   "A0_or_B0": 0,
   "beta_mismatch": 0,
   "j_not_root": 0,
   "P1_zero": 0,
   "Q1_zero": 0,
   "my_recognizer_fail": 0,
   "j_by_sign": {
    "e=+,g=+": 58,
    "e=+,g=-": 22,
    "e=-,g=+": 128,
    "e=-,g=-": 175
   },
   "H_zero": 0,
   "full": true,
   "beta_checked": 768,
   "expected_4(p-1)": 768,
   "all_curves_with_j_in_roots": 768,
   "such_curves_not_in_family": 0
  },
  "241": {
   "p": 241,
   "sqrt3": 56,
   "sqrt2": 22,
   "Hpol_roots_mod_p": [
    35,
    71,
    82,
    199
   ],
   "members": 960,
   "distinct_AB": 960,
   "singular": 0,
   "A0_or_B0": 0,
   "beta_mismatch": 0,
   "j_not_root": 0,
   "P1_zero": 0,
   "Q1_zero": 0,
   "my_recognizer_fail": 0,
   "j_by_sign": {
    "e=+,g=+": 71,
    "e=+,g=-": 82,
    "e=-,g=+": 35,
    "e=-,g=-": 199
   },
   "H_zero": 0,
   "full": true,
   "beta_checked": 96,
   "expected_4(p-1)": 960,
   "all_curves_with_j_in_roots": 960,
   "such_curves_not_in_family": 0
  },
  "1009": {
   "p": 1009,
   "sqrt3": 149,
   "sqrt2": 439,
   "Hpol_roots_mod_p": [
    97,
    264,
    424,
    627
   ],
   "members": 160,
   "distinct_AB": 160,
   "singular": 0,
   "A0_or_B0": 0,
   "beta_mismatch": 0,
   "j_not_root": 0,
   "P1_zero": 0,
   "Q1_zero": 0,
   "my_recognizer_fail": 0,
   "j_by_sign": {
    "e=+,g=+": 264,
    "e=+,g=-": 97,
    "e=-,g=+": 424,
    "e=-,g=-": 627
   },
   "H_zero": 0,
   "full": false,
   "beta_checked": 160,
   "expected_4(p-1)": 4032
  },
  "1033": {
   "p": 1033,
   "sqrt3": 383,
   "sqrt2": 404,
   "Hpol_roots_mod_p": [
    291,
    671,
    744,
    1028
   ],
   "members": 160,
   "distinct_AB": 160,
   "singular": 0,
   "A0_or_B0": 0,
   "beta_mismatch": 0,
   "j_not_root": 0,
   "P1_zero": 0,
   "Q1_zero": 0,
   "my_recognizer_fail": 0,
   "j_by_sign": {
    "e=+,g=+": 671,
    "e=+,g=-": 291,
    "e=-,g=+": 744,
    "e=-,g=-": 1028
   },
   "H_zero": 0,
   "full": false,
   "beta_checked": 160,
   "expected_4(p-1)": 4128
  }
 },
 "primes_1_mod_24_below_73": [],
 "C8_fixture": {
  "H": 10,
  "beta": 4,
  "trace_by_count": 10,
  "cert": [
   21,
   41,
   42
  ],
  "multiplier": 15,
  "beta_equals_mult_H": true,
  "j": 20
 }
}
